// Jest Snapshot v1, https://goo.gl/fbAQLP

exports[`Header component should match the snapshot 1`] = `
<header
  className="Header-div"
>
  <h1>
    Dylan Hofmann
  </h1>
  <h2>
    Front End Software Developer
  </h2>
  <p>
    dylan.hofmann@gmail.com
  </p>
</header>
`;
